#[allow(unused_imports)]
use progenitor_client::{encode_path, RequestBuilderExt};
pub use progenitor_client::{ByteStream, Error, ResponseValue};
#[allow(unused_imports)]
use reqwest::header::{HeaderMap, HeaderValue};
/// Types used as operation parameters and responses.
pub mod types {
    use serde::{Deserialize, Serialize};
    #[allow(unused_imports)]
    use std::convert::TryFrom;
}

#[derive(Clone, Debug)]
///Client for Parameter name collision test
///
///Minimal API for testing collision between parameter names and generated code
///
///Version: v1
pub struct Client {
    pub(crate) baseurl: String,
    pub(crate) client: reqwest::Client,
}

impl Client {
    /// Create a new client.
    ///
    /// `baseurl` is the base URL provided to the internal
    /// `reqwest::Client`, and should include a scheme and hostname,
    /// as well as port and a path stem if applicable.
    pub fn new(baseurl: &str) -> Self {
        #[cfg(not(target_arch = "wasm32"))]
        let client = {
            let dur = std::time::Duration::from_secs(15);
            reqwest::ClientBuilder::new()
                .connect_timeout(dur)
                .timeout(dur)
        };
        #[cfg(target_arch = "wasm32")]
        let client = reqwest::ClientBuilder::new();
        Self::new_with_client(baseurl, client.build().unwrap())
    }

    /// Construct a new client with an existing `reqwest::Client`,
    /// allowing more control over its configuration.
    ///
    /// `baseurl` is the base URL provided to the internal
    /// `reqwest::Client`, and should include a scheme and hostname,
    /// as well as port and a path stem if applicable.
    pub fn new_with_client(baseurl: &str, client: reqwest::Client) -> Self {
        Self {
            baseurl: baseurl.to_string(),
            client,
        }
    }

    /// Get the base URL to which requests are made.
    pub fn baseurl(&self) -> &String {
        &self.baseurl
    }

    /// Get the internal `reqwest::Client` used to make requests.
    pub fn client(&self) -> &reqwest::Client {
        &self.client
    }

    /// Get the version of this API.
    ///
    /// This string is pulled directly from the source OpenAPI
    /// document and may be in any format the API selects.
    pub fn api_version(&self) -> &'static str {
        "v1"
    }
}

impl Client {
    ///Gets a key
    ///
    ///Sends a `GET` request to `/key/{query}`
    ///
    ///Arguments:
    /// - `query`: Parameter name that was previously colliding
    /// - `client`: Parameter name that was previously colliding
    /// - `request`: Parameter name that was previously colliding
    /// - `response`: Parameter name that was previously colliding
    /// - `result`: Parameter name that was previously colliding
    /// - `url`: Parameter name that was previously colliding
    ///```ignore
    /// let response = client.key_get()
    ///    .query(query)
    ///    .client(client)
    ///    .request(request)
    ///    .response(response)
    ///    .result(result)
    ///    .url(url)
    ///    .send()
    ///    .await;
    /// ```
    pub fn key_get(&self) -> builder::KeyGet {
        builder::KeyGet::new(self)
    }
}

/// Types for composing operation parameters.
pub mod builder {
    use super::types;
    #[allow(unused_imports)]
    use super::{
        encode_path, ByteStream, Error, HeaderMap, HeaderValue, RequestBuilderExt, ResponseValue,
    };
    ///Builder for [`Client::key_get`]
    ///
    ///[`Client::key_get`]: super::Client::key_get
    #[derive(Debug, Clone)]
    pub struct KeyGet<'a> {
        _client: &'a super::Client,
        query: Result<bool, String>,
        client: Result<bool, String>,
        request: Result<bool, String>,
        response: Result<bool, String>,
        result: Result<bool, String>,
        url: Result<bool, String>,
    }

    impl<'a> KeyGet<'a> {
        pub fn new(client: &'a super::Client) -> Self {
            Self {
                _client: client,
                query: Err("query was not initialized".to_string()),
                client: Err("client was not initialized".to_string()),
                request: Err("request was not initialized".to_string()),
                response: Err("response was not initialized".to_string()),
                result: Err("result was not initialized".to_string()),
                url: Err("url was not initialized".to_string()),
            }
        }

        pub fn query<V>(mut self, value: V) -> Self
        where
            V: std::convert::TryInto<bool>,
        {
            self.query = value
                .try_into()
                .map_err(|_| "conversion to `bool` for query failed".to_string());
            self
        }

        pub fn client<V>(mut self, value: V) -> Self
        where
            V: std::convert::TryInto<bool>,
        {
            self.client = value
                .try_into()
                .map_err(|_| "conversion to `bool` for client failed".to_string());
            self
        }

        pub fn request<V>(mut self, value: V) -> Self
        where
            V: std::convert::TryInto<bool>,
        {
            self.request = value
                .try_into()
                .map_err(|_| "conversion to `bool` for request failed".to_string());
            self
        }

        pub fn response<V>(mut self, value: V) -> Self
        where
            V: std::convert::TryInto<bool>,
        {
            self.response = value
                .try_into()
                .map_err(|_| "conversion to `bool` for response failed".to_string());
            self
        }

        pub fn result<V>(mut self, value: V) -> Self
        where
            V: std::convert::TryInto<bool>,
        {
            self.result = value
                .try_into()
                .map_err(|_| "conversion to `bool` for result failed".to_string());
            self
        }

        pub fn url<V>(mut self, value: V) -> Self
        where
            V: std::convert::TryInto<bool>,
        {
            self.url = value
                .try_into()
                .map_err(|_| "conversion to `bool` for url failed".to_string());
            self
        }

        ///Sends a `GET` request to `/key/{query}`
        pub async fn send(self) -> Result<ResponseValue<()>, Error<()>> {
            let Self {
                _client,
                query,
                client,
                request,
                response,
                result,
                url,
            } = self;
            let query = query.map_err(Error::InvalidRequest)?;
            let client = client.map_err(Error::InvalidRequest)?;
            let request = request.map_err(Error::InvalidRequest)?;
            let response = response.map_err(Error::InvalidRequest)?;
            let result = result.map_err(Error::InvalidRequest)?;
            let url = url.map_err(Error::InvalidRequest)?;
            let _url = format!(
                "{}/key/{}",
                _client.baseurl,
                encode_path(&query.to_string()),
            );
            let mut _query = Vec::with_capacity(5usize);
            _query.push(("client", client.to_string()));
            _query.push(("request", request.to_string()));
            _query.push(("response", response.to_string()));
            _query.push(("result", result.to_string()));
            _query.push(("url", url.to_string()));
            let _request = _client.client.get(_url).query(&_query).build()?;
            let _result = _client.client.execute(_request).await;
            let _response = _result?;
            match _response.status().as_u16() {
                200u16 => Ok(ResponseValue::empty(_response)),
                _ => Err(Error::UnexpectedResponse(_response)),
            }
        }
    }
}

/// Items consumers will typically use such as the Client.
pub mod prelude {
    pub use self::super::Client;
}
