#[allow(unused_imports)]
use progenitor_client::encode_path;
pub use progenitor_client::{ByteStream, Error, ResponseValue};
pub mod types {
    use serde::{Deserialize, Serialize};
    ///Error information from a response.
    #[derive(Serialize, Deserialize, Debug, Clone)]
    pub struct Error {
        #[serde(default, skip_serializing_if = "Option::is_none")]
        pub error_code: Option<String>,
        pub message: String,
        pub request_id: String,
    }
}

#[derive(Clone)]
pub struct Client {
    pub(crate) baseurl: String,
    pub(crate) client: reqwest::Client,
}

impl Client {
    pub fn new(baseurl: &str) -> Self {
        let dur = std::time::Duration::from_secs(15);
        let client = reqwest::ClientBuilder::new()
            .connect_timeout(dur)
            .timeout(dur)
            .build()
            .unwrap();
        Self::new_with_client(baseurl, client)
    }

    pub fn new_with_client(baseurl: &str, client: reqwest::Client) -> Self {
        Self {
            baseurl: baseurl.to_string(),
            client,
        }
    }

    pub fn baseurl(&self) -> &String {
        &self.baseurl
    }

    pub fn client(&self) -> &reqwest::Client {
        &self.client
    }
}

impl Client {
    ///Sends a `GET` request to ``
    pub async fn freeform_response<'a>(
        &'a self,
    ) -> Result<ResponseValue<ByteStream>, Error<ByteStream>> {
        let url = format!("{}", self.baseurl,);
        let request = self.client.get(url).build()?;
        let result = self.client.execute(request).await;
        let response = result?;
        match response.status().as_u16() {
            200..=299 => Ok(ResponseValue::stream(response)),
            _ => Err(Error::ErrorResponse(ResponseValue::stream(response))),
        }
    }
}
