#[allow(unused_imports)]
use progenitor_client::{encode_path, RequestBuilderExt};
pub use progenitor_client::{ByteStream, Error, ResponseValue};
#[allow(unused_imports)]
use reqwest::header::{HeaderMap, HeaderValue};
pub mod types {
    use serde::{Deserialize, Serialize};
    #[allow(unused_imports)]
    use std::convert::TryFrom;
    ///Error information from a response.
    ///
    /// <details><summary>JSON schema</summary>
    ///
    /// ```json
    ///{
    ///  "description": "Error information from a response.",
    ///  "type": "object",
    ///  "required": [
    ///    "message",
    ///    "request_id"
    ///  ],
    ///  "properties": {
    ///    "error_code": {
    ///      "type": "string"
    ///    },
    ///    "message": {
    ///      "type": "string"
    ///    },
    ///    "request_id": {
    ///      "type": "string"
    ///    }
    ///  }
    ///}
    /// ```
    /// </details>
    #[derive(Clone, Debug, Deserialize, Serialize)]
    pub struct Error {
        #[serde(default, skip_serializing_if = "Option::is_none")]
        pub error_code: Option<String>,
        pub message: String,
        pub request_id: String,
    }

    impl From<&Error> for Error {
        fn from(value: &Error) -> Self {
            value.clone()
        }
    }
}

#[derive(Clone, Debug)]
///Client for pagination-demo
///
///Version: 9000
pub struct Client {
    pub(crate) baseurl: String,
    pub(crate) client: reqwest::Client,
}

impl Client {
    /// Create a new client.
    ///
    /// `baseurl` is the base URL provided to the internal
    /// `reqwest::Client`, and should include a scheme and hostname,
    /// as well as port and a path stem if applicable.
    pub fn new(baseurl: &str) -> Self {
        #[cfg(not(target_arch = "wasm32"))]
        let client = {
            let dur = std::time::Duration::from_secs(15);
            reqwest::ClientBuilder::new()
                .connect_timeout(dur)
                .timeout(dur)
        };
        #[cfg(target_arch = "wasm32")]
        let client = reqwest::ClientBuilder::new();
        Self::new_with_client(baseurl, client.build().unwrap())
    }

    /// Construct a new client with an existing `reqwest::Client`,
    /// allowing more control over its configuration.
    ///
    /// `baseurl` is the base URL provided to the internal
    /// `reqwest::Client`, and should include a scheme and hostname,
    /// as well as port and a path stem if applicable.
    pub fn new_with_client(baseurl: &str, client: reqwest::Client) -> Self {
        Self {
            baseurl: baseurl.to_string(),
            client,
        }
    }

    /// Get the base URL to which requests are made.
    pub fn baseurl(&self) -> &String {
        &self.baseurl
    }

    /// Get the internal `reqwest::Client` used to make requests.
    pub fn client(&self) -> &reqwest::Client {
        &self.client
    }

    /// Get the version of this API.
    ///
    /// This string is pulled directly from the source OpenAPI
    /// document and may be in any format the API selects.
    pub fn api_version(&self) -> &'static str {
        "9000"
    }
}

impl Client {
    ///Sends a `GET` request to `/{ref}/{type}/{trait}`
    pub async fn renamed_parameters<'a>(
        &'a self,
        ref_: &'a str,
        type_: &'a str,
        trait_: &'a str,
        if_: &'a str,
        in_: &'a str,
        use_: &'a str,
    ) -> Result<ResponseValue<()>, Error<types::Error>> {
        let url = format!(
            "{}/{}/{}/{}",
            self.baseurl,
            encode_path(&ref_.to_string()),
            encode_path(&type_.to_string()),
            encode_path(&trait_.to_string()),
        );
        let mut query = Vec::with_capacity(3usize);
        query.push(("if", if_.to_string()));
        query.push(("in", in_.to_string()));
        query.push(("use", use_.to_string()));
        let request = self
            .client
            .get(url)
            .header(
                reqwest::header::ACCEPT,
                reqwest::header::HeaderValue::from_static("application/json"),
            )
            .query(&query)
            .build()?;
        let result = self.client.execute(request).await;
        let response = result?;
        match response.status().as_u16() {
            204u16 => Ok(ResponseValue::empty(response)),
            400u16..=499u16 => Err(Error::ErrorResponse(
                ResponseValue::from_response(response).await?,
            )),
            500u16..=599u16 => Err(Error::ErrorResponse(
                ResponseValue::from_response(response).await?,
            )),
            _ => Err(Error::UnexpectedResponse(response)),
        }
    }
}

pub mod prelude {
    pub use super::Client;
}
